#-----------------------------------------------------------
# Vivado v2020.1 (64-bit)
# SW Build 2902540 on Wed May 27 19:54:35 MDT 2020
# IP Build 2902112 on Wed May 27 22:43:36 MDT 2020
# Start of session at: Mon Feb 21 01:58:14 2022
# Process ID: 6601
# Current directory: /home/emtfhls/clone_p2/EMTF_HLS_2022/wrp_prj
# Command line: vivado -mode tcl -source vivado_proj.tcl
# Log file: /home/emtfhls/clone_p2/EMTF_HLS_2022/wrp_prj/vivado.log
# Journal file: /home/emtfhls/clone_p2/EMTF_HLS_2022/wrp_prj/vivado.jou
#-----------------------------------------------------------
source vivado_proj.tcl
set files
set files [list glob "${verilog_npath/*.v" [file normalize "${origin_dir}/wrp_dir/wrapper.sv"]]
set files [list glob "${verilog_npath}/*.v" [file normalize "${origin_dir}/wrp_dir/wrapper.sv"]]
files
set files
set files [list glob ["${verilog_npath}/*.v"] [file normalize "${origin_dir}/wrp_dir/wrapper.sv"]]
set files [list [glob "${verilog_npath}/*.v"] [file normalize "${origin_dir}/wrp_dir/wrapper.sv"]]
set files [list {glob "${verilog_npath}/*.v"} [file normalize "${origin_dir}/wrp_dir/wrapper.sv"]]
set files [glob "${verilog_npath}/*.v" list [file normalize "${origin_dir}/wrp_dir/wrapper.sv"]]
quit
